// Jest Snapshot v1, https://goo.gl/fbAQLP

exports[`스냅샷 테스트 가즈아아아아아 1`] = `"<div>스냅샷 테스트 GAZUAAAAA~~</div>"`;
